../Core/Src/main.c:213:1:__io_putchar	16	static
../Core/Src/main.c:224:20:LCD_CS_LOW	8	static
../Core/Src/main.c:227:20:LCD_CS_HIGH	8	static
../Core/Src/main.c:230:20:LCD_RS_CMD	8	static
../Core/Src/main.c:233:20:LCD_RS_DATA	8	static
../Core/Src/main.c:236:20:LCD_WR_LOW	8	static
../Core/Src/main.c:239:20:LCD_WR_HIGH	8	static
../Core/Src/main.c:242:20:LCD_RD_HIGH	8	static
../Core/Src/main.c:245:20:LCD_RST_LOW	8	static
../Core/Src/main.c:248:20:LCD_RST_HIGH	8	static
../Core/Src/main.c:253:20:LCD_SET_DATA	16	static
../Core/Src/main.c:272:20:LCD_WRITE_STROBE	8	static,ignoring_inline_asm
../Core/Src/main.c:280:13:ILI9341_WriteCmd	16	static
../Core/Src/main.c:285:13:ILI9341_WriteData8	16	static
../Core/Src/main.c:290:13:ILI9341_WriteData16	16	static
../Core/Src/main.c:295:13:ILI9341_SetWindow	24	static
../Core/Src/main.c:306:6:ILI9341_DrawPixel	16	static
../Core/Src/main.c:312:6:ILI9341_FillRect	32	static
../Core/Src/main.c:323:6:ILI9341_FillScreen	24	static
../Core/Src/main.c:336:12:fidx	16	static
../Core/Src/main.c:357:24:fw_rand	4	static
../Core/Src/main.c:363:20:PutDot2	56	static
../Core/Src/main.c:373:13:clamp_inside	24	static
../Core/Src/main.c:385:13:DrawChar5x7_FlipXY	56	static
../Core/Src/main.c:401:13:DrawText_FlipXY	40	static
../Core/Src/main.c:411:13:DrawFilledCircle	48	static
../Core/Src/main.c:418:13:DrawLineH	40	static
../Core/Src/main.c:421:13:DrawLineV	40	static
../Core/Src/main.c:425:13:DrawRoundRect	56	static
../Core/Src/main.c:449:13:DrawPacman	112	static
../Core/Src/main.c:486:13:DrawPacman_FlipX	112	static
../Core/Src/main.c:534:13:DrawGhost	72	static
../Core/Src/main.c:556:13:StartScreen_Draw	112	static
../Core/Src/main.c:646:24:ds_lcg	4	static
../Core/Src/main.c:652:20:PutDashH	48	static
../Core/Src/main.c:676:13:DeadScreen_Draw	152	static
../Core/Src/main.c:766:13:Firework_BurstFade	96	static
../Core/Src/main.c:814:13:ClearScreen_Draw	72	static
../Core/Src/main.c:850:12:any_button_now	8	static
../Core/Src/main.c:857:6:wait_for_any_button_press	8	static
../Core/Src/main.c:872:6:ILI9341_Init	8	static
../Core/Src/main.c:946:13:set_pwm_freq	32	static
../Core/Src/main.c:960:6:BUZZ_Start	8	static
../Core/Src/main.c:964:6:BUZZ_Stop	8	static
../Core/Src/main.c:970:6:BUZZ_SetFreq_TIM1	16	static
../Core/Src/main.c:973:6:BUZZ_SetFreq_TIM3	16	static
../Core/Src/main.c:1095:6:PLAY_Pacman_eating	16	static
../Core/Src/main.c:1109:6:PLAY_PacmanIntro_Blocking	16	static
../Core/Src/main.c:1123:6:PLAY_Pacman_map	16	static
../Core/Src/main.c:1137:6:PLAY_Pacman_dead	16	static
../Core/Src/main.c:1151:6:PLAY_Pacman_clear	16	static
../Core/Src/main.c:1168:6:GameScreen_DrawMap	32	static
../Core/Src/main.c:1187:6:Game_ResetMap	312	static
../Core/Src/main.c:1212:6:GameScreen_DrawEntities	16	static
../Core/Src/main.c:1226:5:get_next_pacman_dir	16	static
../Core/Src/main.c:1251:6:Update_Pacman_Logic	40	static
../Core/Src/main.c:1317:6:Update_Ghost_Logic	56	static
../Core/Src/main.c:1342:6:Update_Game_Logic	24	static
../Core/Src/main.c:1401:6:GameScreen_Update_Screen	16	static
../Core/Src/main.c:1457:6:delay_us	24	static
../Core/Src/main.c:1470:6:I2C_Start	8	static
../Core/Src/main.c:1485:6:I2C_Stop	8	static
../Core/Src/main.c:1499:9:I2C_Write_Byte	24	static
../Core/Src/main.c:1536:9:I2C_Read_Byte	24	static
../Core/Src/main.c:1575:6:I2C_Write	16	static
../Core/Src/main.c:1589:6:LCD_CMD	24	static
../Core/Src/main.c:1615:6:LCD_DATA	24	static
../Core/Src/main.c:1637:6:LCD_CMD_4bit	24	static
../Core/Src/main.c:1649:6:LCD_INIT	8	static
../Core/Src/main.c:1680:6:LCD_XY	16	static
../Core/Src/main.c:1691:6:LCD_CLEAR	8	static
../Core/Src/main.c:1696:6:LCD_PUTS	16	static
../Core/Src/main.c:1706:6:I2C_ScanAddresses	16	static
../Core/Src/main.c:1741:5:main	8	static
../Core/Src/main.c:1808:6:SystemClock_Config	72	static
../Core/Src/main.c:1844:13:MX_TIM1_Init	96	static
../Core/Src/main.c:1914:13:MX_TIM3_Init	64	static
../Core/Src/main.c:1969:13:MX_USART2_UART_Init	8	static
../Core/Src/main.c:2000:13:MX_GPIO_Init	40	static
../Core/Src/main.c:2094:6:Error_Handler	4	static,ignoring_inline_asm
